../Core/Src/lcd_i2c.c:10:6:lcd_ioexander	16	static
../Core/Src/lcd_i2c.c:19:6:pulse_enable	16	static
../Core/Src/lcd_i2c.c:28:6:lcd_write4bit	16	static
../Core/Src/lcd_i2c.c:37:6:LCD_command	24	static
../Core/Src/lcd_i2c.c:48:6:lcd_setcursor	16	static
../Core/Src/lcd_i2c.c:56:6:lcd_clear	8	static
../Core/Src/lcd_i2c.c:63:6:lcd_Rethome	8	static
../Core/Src/lcd_i2c.c:70:6:LCD_data	24	static
../Core/Src/lcd_i2c.c:81:6:lcd_printint	24	static
../Core/Src/lcd_i2c.c:99:6:lcd_printint_num	24	static
../Core/Src/lcd_i2c.c:117:6:LCD_string	24	static
../Core/Src/lcd_i2c.c:128:6:lcd_print1line	16	static
../Core/Src/lcd_i2c.c:135:6:lcd_print2line	16	static
../Core/Src/lcd_i2c.c:142:6:lcd_bit	24	static
../Core/Src/lcd_i2c.c:159:6:setramaddr	16	static
../Core/Src/lcd_i2c.c:166:6:LCD_sendpattern	24	static
../Core/Src/lcd_i2c.c:178:6:LCD_printpattern	16	static
../Core/Src/lcd_i2c.c:184:6:LCD_init	8	static
